// Jest Snapshot v1, https://goo.gl/fbAQLP

exports[`building test data returns the meta data 1`] = `Promise {}`;
